Bala koteswararao@LAPTOP-GOLS30HV MINGW64 /e/Practice_DotNet/Day1 (master)
$ git --version
git version 2.27.0.windows.1

Bala koteswararao@LAPTOP-GOLS30HV MINGW64 /e/Practice_DotNet/Day1 (master)
$ git init
Reinitialized existing Git repository in E:/Practice_DotNet/Day1/.git/

Bala koteswararao@LAPTOP-GOLS30HV MINGW64 /e/Practice_DotNet/Day1 (master)
$ git config --global user.name "sravani"

Bala koteswararao@LAPTOP-GOLS30HV MINGW64 /e/Practice_DotNet/Day1 (master)
$ git config --global user.email "sravani.chinthalapudi@zensar.com"

Bala koteswararao@LAPTOP-GOLS30HV MINGW64 /e/Practice_DotNet/Day1 (master)
$ git config --global core.editor "code --wait"

Bala koteswararao@LAPTOP-GOLS30HV MINGW64 /e/Practice_DotNet/Day1 (master)
$ git config --edit --global

Bala koteswararao@LAPTOP-GOLS30HV MINGW64 /e/Practice_DotNet/Day1 (master)
$ code READFILE.md

Bala koteswararao@LAPTOP-GOLS30HV MINGW64 /e/Practice_DotNet/Day1 (master)
$ code ex.html

Bala koteswararao@LAPTOP-GOLS30HV MINGW64 /e/Practice_DotNet/Day1 (master)
$ ls
ex.html  Instructions.txt  READFILE.md  README.md

Bala koteswararao@LAPTOP-GOLS30HV MINGW64 /e/Practice_DotNet/Day1 (master)
$ git status
On branch master
Untracked files:
  (use "git add <file>..." to include in what will be committed)
        READFILE.md
        ex.html

nothing added to commit but untracked files present (use "git add" to track)

Bala koteswararao@LAPTOP-GOLS30HV MINGW64 /e/Practice_DotNet/Day1 (master)
$ git add .

Bala koteswararao@LAPTOP-GOLS30HV MINGW64 /e/Practice_DotNet/Day1 (master)
$ git commit -m "Creating two files one is read and ex"
[master 814f290] Creating two files one is read and ex
 2 files changed, 22 insertions(+)
 create mode 100644 READFILE.md
 create mode 100644 ex.html

Bala koteswararao@LAPTOP-GOLS30HV MINGW64 /e/Practice_DotNet/Day1 (master)
$ git status
On branch master
nothing to commit, working tree clean

Bala koteswararao@LAPTOP-GOLS30HV MINGW64 /e/Practice_DotNet/Day1 (master)
$ git push -u origin master
fatal: unable to access 'https://github.com/sravanichinthalapudi36/Practice1/': Could not resolve host: github.com

Bala koteswararao@LAPTOP-GOLS30HV MINGW64 /e/Practice_DotNet/Day1 (master)
$ remote add origin https://github.com/sravanichinthalapudi36
bash: remote: command not found

Bala koteswararao@LAPTOP-GOLS30HV MINGW64 /e/Practice_DotNet/Day1 (master)
$ git push -u origin master
remote: Repository not found.
fatal: repository 'https://github.com/sravanichinthalapudi36/Practice1/' not found

Bala koteswararao@LAPTOP-GOLS30HV MINGW64 /e/Practice_DotNet/Day1 (master)
$ git status
On branch master
nothing to commit, working tree clean

Bala koteswararao@LAPTOP-GOLS30HV MINGW64 /e/Practice_DotNet/Day1 (master)
$ git push -u origin master
remote: Repository not found.
fatal: repository 'https://github.com/sravanichinthalapudi36/Practice1/' not found

Bala koteswararao@LAPTOP-GOLS30HV MINGW64 /e/Practice_DotNet/Day1 (master)
$ git remote add origin https://github.com/sravanichinthalapudi36/Practice1.git
fatal: remote origin already exists.

Bala koteswararao@LAPTOP-GOLS30HV MINGW64 /e/Practice_DotNet/Day1 (master)
$ git push -u origin master
Enumerating objects: 8, done.
Counting objects: 100% (8/8), done.
Delta compression using up to 8 threads
Compressing objects: 100% (8/8), done.
Writing objects: 100% (8/8), 1000 bytes | 1000.00 KiB/s, done.
Total 8 (delta 0), reused 0 (delta 0), pack-reused 0
To https://github.com/sravanichinthalapudi36/Practice1
 * [new branch]      master -> master
Branch 'master' set up to track remote branch 'master' from 'origin'.

Bala koteswararao@LAPTOP-GOLS30HV MINGW64 /e/Practice_DotNet/Day1 (master)
$ git pull https://github.com/sravanichinthalapudi36/Practice1.git
remote: Enumerating objects: 8, done.
remote: Counting objects: 100% (8/8), done.
remote: Compressing objects: 100% (6/6), done.
remote: Total 6 (delta 4), reused 0 (delta 0), pack-reused 0
Unpacking objects: 100% (6/6), 1.34 KiB | 3.00 KiB/s, done.
From https://github.com/sravanichinthalapudi36/Practice1
 * branch            HEAD       -> FETCH_HEAD
Updating 814f290..c9ab751
Fast-forward
 ex.html | 7 ++++++-
 1 file changed, 6 insertions(+), 1 deletion(-)


Bala koteswararao@LAPTOP-GOLS30HV MINGW64 /e/Practice_DotNet/Day1 (master)
$ git rebase
Current branch master is up to date.

Bala koteswararao@LAPTOP-GOLS30HV MINGW64 /e/Practice_DotNet/Day1 (master)
$ git branch
* master
  test

Bala koteswararao@LAPTOP-GOLS30HV MINGW64 /e/Practice_DotNet/Day1 (master)
$ ls
ex.html  Instructions.txt  READFILE.md  README.md

Bala koteswararao@LAPTOP-GOLS30HV MINGW64 /e/Practice_DotNet/Day1 (master)
$ git branch div

Bala koteswararao@LAPTOP-GOLS30HV MINGW64 /e/Practice_DotNet/Day1 (master)
$ git checkout div
Switched to branch 'div'

Bala koteswararao@LAPTOP-GOLS30HV MINGW64 /e/Practice_DotNet/Day1 (div)
$ ls
ex.html  Instructions.txt  READFILE.md  README.md

Bala koteswararao@LAPTOP-GOLS30HV MINGW64 /e/Practice_DotNet/Day1 (div)
$ git branch
* div
  master
  test

Bala koteswararao@LAPTOP-GOLS30HV MINGW64 /e/Practice_DotNet/Day1 (div)
$ touch ex.html

Bala koteswararao@LAPTOP-GOLS30HV MINGW64 /e/Practice_DotNet/Day1 (div)
$ ls
ex.html  Instructions.txt  READFILE.md  README.md

Bala koteswararao@LAPTOP-GOLS30HV MINGW64 /e/Practice_DotNet/Day1 (div)
$ git checkout master
Switched to branch 'master'
Your branch is ahead of 'origin/master' by 2 commits.
  (use "git push" to publish your local commits)

Bala koteswararao@LAPTOP-GOLS30HV MINGW64 /e/Practice_DotNet/Day1 (master)
$ git checkout -b feat
Switched to a new branch 'feat'

Bala koteswararao@LAPTOP-GOLS30HV MINGW64 /e/Practice_DotNet/Day1 (feat)
$ ls
ex.html  Instructions.txt  READFILE.md  README.md

Bala koteswararao@LAPTOP-GOLS30HV MINGW64 /e/Practice_DotNet/Day1 (feat)
$ git checkout -b master
fatal: A branch named 'master' already exists.

Bala koteswararao@LAPTOP-GOLS30HV MINGW64 /e/Practice_DotNet/Day1 (feat)
$ git checkout -b master1
Switched to a new branch 'master1'

Bala koteswararao@LAPTOP-GOLS30HV MINGW64 /e/Practice_DotNet/Day1 (master1)
$ git branches
git: 'branches' is not a git command. See 'git --help'.

Bala koteswararao@LAPTOP-GOLS30HV MINGW64 /e/Practice_DotNet/Day1 (master1)
$ git branch
  div
  feat
  master
* master1
  test

Bala koteswararao@LAPTOP-GOLS30HV MINGW64 /e/Practice_DotNet/Day1 (master1)
$ git checkout feat
Switched to branch 'feat'

Bala koteswararao@LAPTOP-GOLS30HV MINGW64 /e/Practice_DotNet/Day1 (feat)
$ git branch
  div
* feat
  master
  master1
  test

Bala koteswararao@LAPTOP-GOLS30HV MINGW64 /e/Practice_DotNet/Day1 (feat)
$ git checkout master
Switched to branch 'master'
Your branch is ahead of 'origin/master' by 2 commits.
  (use "git push" to publish your local commits)

Bala koteswararao@LAPTOP-GOLS30HV MINGW64 /e/Practice_DotNet/Day1 (master)
$ git -b test1-branch
unknown option: -b
usage: git [--version] [--help] [-C <path>] [-c <name>=<value>]
           [--exec-path[=<path>]] [--html-path] [--man-path] [--info-path]
           [-p | --paginate | -P | --no-pager] [--no-replace-objects] [--bare]
           [--git-dir=<path>] [--work-tree=<path>] [--namespace=<name>]
           <command> [<args>]

Bala koteswararao@LAPTOP-GOLS30HV MINGW64 /e/Practice_DotNet/Day1 (master)
$ git branch test-branch

Bala koteswararao@LAPTOP-GOLS30HV MINGW64 /e/Practice_DotNet/Day1 (master)
$ ls
ex.html  Instructions.txt  READFILE.md  README.md

Bala koteswararao@LAPTOP-GOLS30HV MINGW64 /e/Practice_DotNet/Day1 (master)
$ git diff test-branch master

Bala koteswararao@LAPTOP-GOLS30HV MINGW64 /e/Practice_DotNet/Day1 (master)
$ code ex.html

Bala koteswararao@LAPTOP-GOLS30HV MINGW64 /e/Practice_DotNet/Day1 (master)
$ git status
On branch master
Your branch is ahead of 'origin/master' by 2 commits.
  (use "git push" to publish your local commits)

Changes not staged for commit:
  (use "git add <file>..." to update what will be committed)
  (use "git restore <file>..." to discard changes in working directory)
        modified:   ex.html

no changes added to commit (use "git add" and/or "git commit -a")

Bala koteswararao@LAPTOP-GOLS30HV MINGW64 /e/Practice_DotNet/Day1 (master)
$ git add .

Bala koteswararao@LAPTOP-GOLS30HV MINGW64 /e/Practice_DotNet/Day1 (master)
$ git commit -m "Add new ordered list tags"
[master 9094844] Add new ordered list tags
 1 file changed, 8 insertions(+)

Bala koteswararao@LAPTOP-GOLS30HV MINGW64 /e/Practice_DotNet/Day1 (master)
$ git status
On branch master
Your branch is ahead of 'origin/master' by 3 commits.
  (use "git push" to publish your local commits)

nothing to commit, working tree clean

Bala koteswararao@LAPTOP-GOLS30HV MINGW64 /e/Practice_DotNet/Day1 (master)
$ git diff test-branch master
diff --git a/ex.html b/ex.html
index 1a971da..a1d8a88 100644
--- a/ex.html
+++ b/ex.html
@@ -21,4 +21,12 @@
             <td>21</td>
         </tr>
       </table>
+      <ul>
+          <li>papers</li>
+          <li>pens</li>
+      </ul>
+      <ul>
+        <li>eraser</li>
+        <li>pencils</li>
+    </ul>
 </html>

Bala koteswararao@LAPTOP-GOLS30HV MINGW64 /e/Practice_DotNet/Day1 (master)
$ git checkout master
Already on 'master'
Your branch is ahead of 'origin/master' by 3 commits.
  (use "git push" to publish your local commits)

Bala koteswararao@LAPTOP-GOLS30HV MINGW64 /e/Practice_DotNet/Day1 (master)
$ git merge test-branch
Already up to date.

Bala koteswararao@LAPTOP-GOLS30HV MINGW64 /e/Practice_DotNet/Day1 (master)
$ git status
On branch master
Your branch is ahead of 'origin/master' by 3 commits.
  (use "git push" to publish your local commits)

nothing to commit, working tree clean

Bala koteswararao@LAPTOP-GOLS30HV MINGW64 /e/Practice_DotNet/Day1 (master)
$ code ex.html

Bala koteswararao@LAPTOP-GOLS30HV MINGW64 /e/Practice_DotNet/Day1 (master)
$ git branch
  div
  feat
* master
  master1
  test
  test-branch

Bala koteswararao@LAPTOP-GOLS30HV MINGW64 /e/Practice_DotNet/Day1 (master)
$ git checkout feat
Switched to branch 'feat'

Bala koteswararao@LAPTOP-GOLS30HV MINGW64 /e/Practice_DotNet/Day1 (feat)
$ ls
ex.html  Instructions.txt  READFILE.md  README.md

Bala koteswararao@LAPTOP-GOLS30HV MINGW64 /e/Practice_DotNet/Day1 (feat)
$ code ex.html

Bala koteswararao@LAPTOP-GOLS30HV MINGW64 /e/Practice_DotNet/Day1 (feat)
$ git checkout div
Switched to branch 'div'

Bala koteswararao@LAPTOP-GOLS30HV MINGW64 /e/Practice_DotNet/Day1 (div)
$ ls
ex.html  Instructions.txt  READFILE.md  README.md

Bala koteswararao@LAPTOP-GOLS30HV MINGW64 /e/Practice_DotNet/Day1 (div)
$ code ex.html

Bala koteswararao@LAPTOP-GOLS30HV MINGW64 /e/Practice_DotNet/Day1 (div)
$ code basic.txt

Bala koteswararao@LAPTOP-GOLS30HV MINGW64 /e/Practice_DotNet/Day1 (div)
$ git add .

Bala koteswararao@LAPTOP-GOLS30HV MINGW64 /e/Practice_DotNet/Day1 (div)
$ git commit -m "created basic file"
[div 7bb82bb] created basic file
 1 file changed, 7 insertions(+)
 create mode 100644 basic.txt

Bala koteswararao@LAPTOP-GOLS30HV MINGW64 /e/Practice_DotNet/Day1 (div)
$ git status
On branch div
nothing to commit, working tree clean

Bala koteswararao@LAPTOP-GOLS30HV MINGW64 /e/Practice_DotNet/Day1 (div)
$ git checkout div
Already on 'div'

Bala koteswararao@LAPTOP-GOLS30HV MINGW64 /e/Practice_DotNet/Day1 (div)
$ git checkout feat
Switched to branch 'feat'

Bala koteswararao@LAPTOP-GOLS30HV MINGW64 /e/Practice_DotNet/Day1 (feat)
$ code basic.txt

Bala koteswararao@LAPTOP-GOLS30HV MINGW64 /e/Practice_DotNet/Day1 (feat)
$ git add .

Bala koteswararao@LAPTOP-GOLS30HV MINGW64 /e/Practice_DotNet/Day1 (feat)
$ git status
On branch feat
Changes to be committed:
  (use "git restore --staged <file>..." to unstage)
        new file:   basic.txt


Bala koteswararao@LAPTOP-GOLS30HV MINGW64 /e/Practice_DotNet/Day1 (feat)
$ git commit -m "file1 txt"
[feat adc6f1c] file1 txt
 1 file changed, 14 insertions(+)
 create mode 100644 basic.txt

Bala koteswararao@LAPTOP-GOLS30HV MINGW64 /e/Practice_DotNet/Day1 (feat)
$ git status
On branch feat
nothing to commit, working tree clean

Bala koteswararao@LAPTOP-GOLS30HV MINGW64 /e/Practice_DotNet/Day1 (feat)
$ git checkout feat
Already on 'feat'

Bala koteswararao@LAPTOP-GOLS30HV MINGW64 /e/Practice_DotNet/Day1 (feat)
$ git checkout div
Switched to branch 'div'

Bala koteswararao@LAPTOP-GOLS30HV MINGW64 /e/Practice_DotNet/Day1 (div)
$ code basic.txt

Bala koteswararao@LAPTOP-GOLS30HV MINGW64 /e/Practice_DotNet/Day1 (div)
$ git log --oneline
7bb82bb (HEAD -> div) created basic file
c9ab751 (test-branch, test, master1) Update ex.html
f66c1a4 Update ex.html
814f290 (origin/master) Creating two files one is read and ex
ed7d8e9 Created two files

Bala koteswararao@LAPTOP-GOLS30HV MINGW64 /e/Practice_DotNet/Day1 (div)
$ git log --oneline --graph --decorate
* 7bb82bb (HEAD -> div) created basic file
* c9ab751 (test-branch, test, master1) Update ex.html
* f66c1a4 Update ex.html
* 814f290 (origin/master) Creating two files one is read and ex
* ed7d8e9 Created two files




